// Jest Snapshot v1, https://goo.gl/fbAQLP

exports[`renders correctly 1`] = `
<span
  className="btn  "
  onClick={[Function]}
  role="presentation"
>
  <input
    id="button"
    style={
      Object {
        "backgroundColor": "#ef666c",
      }
    }
    type="button"
  />
</span>
`;
